分类: 央视频道, 名称: CCTV1, 有效: 8, IPv4: 112, IPv6: 0, 最小延迟: 104 ms, 最高速率: 9.86 M/s, 平均速率: 4.28 M/s, 最高分辨率: 1920x1080, 平均帧率: 30.97, 视频编解码器: h264, 音频编解码器: aac
分类: 央视频道, 名称: CCTV2, 有效: 5, IPv4: 90, IPv6: 0, 最小延迟: 103 ms, 最高速率: 8.80 M/s, 平均速率: 3.80 M/s, 最高分辨率: 1920x1080, 平均帧率: 33.81, 视频编解码器: h264, 音频编解码器: aac
分类: 央视频道, 名称: CCTV3, 有效: 4, IPv4: 89, IPv6: 0, 最小延迟: 103 ms, 最高速率: 8.32 M/s, 平均速率: 4.07 M/s, 最高分辨率: 1920x1080, 平均帧率: 27.69, 视频编解码器: h264, 音频编解码器: aac
分类: 央视频道, 名称: CCTV4, 有效: 5, IPv4: 107, IPv6: 0, 最小延迟: 92 ms, 最高速率: 24.72 M/s, 平均速率: 8.26 M/s, 最高分辨率: 1920x1080, 平均帧率: 39.77, 视频编解码器: h264, 音频编解码器: aac
分类: 央视频道, 名称: CCTV5, 有效: 5, IPv4: 93, IPv6: 0, 最小延迟: 65 ms, 最高速率: 8.73 M/s, 平均速率: 5.62 M/s, 最高分辨率: 1920x1080, 平均帧率: 31.47, 视频编解码器: h264, 音频编解码器: aac
分类: 央视频道, 名称: CCTV5+, 有效: 0, IPv4: 64, IPv6: 0, 最小延迟: 65 ms, 最高速率: 15.83 M/s, 平均速率: 0.00 M/s, 最高分辨率: 1920x1080, 平均帧率: 30.00, 视频编解码器: h264, 音频编解码器: aac
分类: 央视频道, 名称: CCTV6, 有效: 3, IPv4: 91, IPv6: 0, 最小延迟: 104 ms, 最高速率: 10.91 M/s, 平均速率: 10.17 M/s, 最高分辨率: 1920x1080, 平均帧率: 27.78, 视频编解码器: h264, 音频编解码器: aac
分类: 央视频道, 名称: CCTV7, 有效: 7, IPv4: 96, IPv6: 0, 最小延迟: 103 ms, 最高速率: 9.06 M/s, 平均速率: 3.53 M/s, 最高分辨率: 1920x1080, 平均帧率: 41.05, 视频编解码器: h264, 音频编解码器: mp2
分类: 央视频道, 名称: CCTV8, 有效: 7, IPv4: 83, IPv6: 0, 最小延迟: 104 ms, 最高速率: 9.84 M/s, 平均速率: 3.52 M/s, 最高分辨率: 1920x1080, 平均帧率: 32.50, 视频编解码器: h264, 音频编解码器: aac
分类: 央视频道, 名称: CCTV9, 有效: 5, IPv4: 84, IPv6: 0, 最小延迟: 103 ms, 最高速率: 9.45 M/s, 平均速率: 6.40 M/s, 最高分辨率: 1920x1080, 平均帧率: 32.89, 视频编解码器: h264, 音频编解码器: aac
分类: 央视频道, 名称: CCTV10, 有效: 4, IPv4: 90, IPv6: 0, 最小延迟: 103 ms, 最高速率: 8.78 M/s, 平均速率: 4.67 M/s, 最高分辨率: 1920x1080, 平均帧率: 41.67, 视频编解码器: h264, 音频编解码器: mp2
分类: 央视频道, 名称: CCTV11, 有效: 6, IPv4: 86, IPv6: 0, 最小延迟: 103 ms, 最高速率: 7.82 M/s, 平均速率: 4.36 M/s, 最高分辨率: 1920x1080, 平均帧率: 37.50, 视频编解码器: h264, 音频编解码器: aac
分类: 央视频道, 名称: CCTV12, 有效: 6, IPv4: 88, IPv6: 0, 最小延迟: 103 ms, 最高速率: 9.31 M/s, 平均速率: 5.68 M/s, 最高分辨率: 1920x1080, 平均帧率: 40.00, 视频编解码器: h264, 音频编解码器: aac
分类: 央视频道, 名称: CCTV13, 有效: 4, IPv4: 86, IPv6: 0, 最小延迟: 103 ms, 最高速率: 2.95 M/s, 平均速率: 1.55 M/s, 最高分辨率: 1920x1080, 平均帧率: 41.67, 视频编解码器: h264, 音频编解码器: mp2
分类: 央视频道, 名称: CCTV14, 有效: 5, IPv4: 87, IPv6: 0, 最小延迟: 103 ms, 最高速率: 5.68 M/s, 平均速率: 2.88 M/s, 最高分辨率: 1920x1080, 平均帧率: 38.89, 视频编解码器: h264, 音频编解码器: aac
分类: 央视频道, 名称: CCTV15, 有效: 5, IPv4: 82, IPv6: 0, 最小延迟: 103 ms, 最高速率: 9.66 M/s, 平均速率: 3.91 M/s, 最高分辨率: 1920x1080, 平均帧率: 38.46, 视频编解码器: h264, 音频编解码器: aac
分类: 央视频道, 名称: CCTV16, 有效: 5, IPv4: 53, IPv6: 0, 最小延迟: 103 ms, 最高速率: 49.97 M/s, 平均速率: 13.15 M/s, 最高分辨率: 1920x1080, 平均帧率: 37.22, 视频编解码器: h264, 音频编解码器: aac
分类: 央视频道, 名称: CCTV17, 有效: 4, IPv4: 72, IPv6: 0, 最小延迟: 103 ms, 最高速率: 9.67 M/s, 平均速率: 5.09 M/s, 最高分辨率: 1920x1080, 平均帧率: 32.14, 视频编解码器: h264, 音频编解码器: aac
分类: 央视频道, 名称: CETV1, 有效: 3, IPv4: 32, IPv6: 0, 最小延迟: 104 ms, 最高速率: 10.71 M/s, 平均速率: 7.39 M/s, 最高分辨率: 1920x1080, 平均帧率: 37.50, 视频编解码器: h264, 音频编解码器: aac
分类: 央视频道, 名称: CETV3, 有效: 0, IPv4: 3, IPv6: 0, 最小延迟: 108 ms, 最高速率: 5.86 M/s, 平均速率: 0.00 M/s, 最高分辨率: 720x576, 平均帧率: 25.00, 视频编解码器: h264, 音频编解码器: aac
分类: 央视频道, 名称: CETV2, 有效: 0, IPv4: 27, IPv6: 0, 最小延迟: 104 ms, 最高速率: 0.26 M/s, 平均速率: 0.00 M/s, 最高分辨率: 1280x720, 平均帧率: 26.00, 视频编解码器: h264, 音频编解码器: aac
分类: 央视频道, 名称: CETV4, 有效: 0, IPv4: 31, IPv6: 0, 最小延迟: 104 ms, 最高速率: 0.30 M/s, 平均速率: 0.00 M/s, 最高分辨率: 1280x720, 平均帧率: 27.50, 视频编解码器: h264, 音频编解码器: aac
分类: 央视频道, 名称: 第一剧场, 有效: 2, IPv4: 15, IPv6: 0, 最小延迟: 456 ms, 最高速率: 9.80 M/s, 平均速率: 9.52 M/s, 最高分辨率: 1920x1080, 平均帧率: 40.00, 视频编解码器: h264, 音频编解码器: aac
分类: 央视频道, 名称: 风云剧场, 有效: 3, IPv4: 15, IPv6: 0, 最小延迟: 323 ms, 最高速率: 10.22 M/s, 平均速率: 4.40 M/s, 最高分辨率: 1920x1080, 平均帧率: 26.67, 视频编解码器: h264, 音频编解码器: aac
分类: 央视频道, 名称: 怀旧剧场, 有效: 2, IPv4: 12, IPv6: 0, 最小延迟: 494 ms, 最高速率: 9.12 M/s, 平均速率: 5.89 M/s, 最高分辨率: 1920x1080, 平均帧率: 31.25, 视频编解码器: h264, 音频编解码器: aac
分类: 央视频道, 名称: 风云音乐, 有效: 2, IPv4: 11, IPv6: 0, 最小延迟: 781 ms, 最高速率: 6.98 M/s, 平均速率: 4.26 M/s, 最高分辨率: 1920x1080, 平均帧率: 25.00, 视频编解码器: h264, 音频编解码器: aac
分类: 央视频道, 名称: 风云足球, 有效: 2, IPv4: 15, IPv6: 0, 最小延迟: 657 ms, 最高速率: 7.58 M/s, 平均速率: 6.87 M/s, 最高分辨率: 1920x1080, 平均帧率: 43.33, 视频编解码器: h264, 音频编解码器: aac
分类: 央视频道, 名称: 世界地理, 有效: 2, IPv4: 18, IPv6: 0, 最小延迟: 632 ms, 最高速率: 7.23 M/s, 平均速率: 4.16 M/s, 最高分辨率: 1920x1080, 平均帧率: 25.00, 视频编解码器: h264, 音频编解码器: aac
分类: 央视频道, 名称: 兵器科技, 有效: 1, IPv4: 9, IPv6: 0, 最小延迟: 502 ms, 最高速率: 8.85 M/s, 平均速率: 8.85 M/s, 最高分辨率: 1920x1080, 平均帧率: 25.00, 视频编解码器: h264, 音频编解码器: aac
分类: 卫视频道, 名称: 山东卫视, 有效: 5, IPv4: 66, IPv6: 0, 最小延迟: 103 ms, 最高速率: 7.27 M/s, 平均速率: 4.57 M/s, 最高分辨率: 1920x1080, 平均帧率: 37.78, 视频编解码器: h264, 音频编解码器: aac
分类: 卫视频道, 名称: 北京卫视, 有效: 4, IPv4: 81, IPv6: 0, 最小延迟: 104 ms, 最高速率: 8.91 M/s, 平均速率: 4.86 M/s, 最高分辨率: 1920x1080, 平均帧率: 38.33, 视频编解码器: h264, 音频编解码器: aac
分类: 卫视频道, 名称: 东方卫视, 有效: 4, IPv4: 70, IPv6: 0, 最小延迟: 103 ms, 最高速率: 8.87 M/s, 平均速率: 6.35 M/s, 最高分辨率: 1920x1080, 平均帧率: 38.33, 视频编解码器: h264, 音频编解码器: aac
分类: 卫视频道, 名称: 浙江卫视, 有效: 8, IPv4: 71, IPv6: 0, 最小延迟: 103 ms, 最高速率: 35.35 M/s, 平均速率: 9.14 M/s, 最高分辨率: 3840x2160, 平均帧率: 41.67, 视频编解码器: h264, 音频编解码器: aac
分类: 卫视频道, 名称: 江苏卫视, 有效: 4, IPv4: 81, IPv6: 0, 最小延迟: 103 ms, 最高速率: 9.37 M/s, 平均速率: 6.89 M/s, 最高分辨率: 1920x1080, 平均帧率: 37.50, 视频编解码器: h264, 音频编解码器: mp2
分类: 卫视频道, 名称: 湖南卫视, 有效: 8, IPv4: 73, IPv6: 0, 最小延迟: 103 ms, 最高速率: 10.39 M/s, 平均速率: 4.76 M/s, 最高分辨率: 3840x2160, 平均帧率: 32.50, 视频编解码器: h264, 音频编解码器: aac
分类: 卫视频道, 名称: 辽宁卫视, 有效: 4, IPv4: 62, IPv6: 0, 最小延迟: 103 ms, 最高速率: 9.04 M/s, 平均速率: 4.98 M/s, 最高分辨率: 1920x1080, 平均帧率: 37.27, 视频编解码器: h264, 音频编解码器: mp2
分类: 卫视频道, 名称: 吉林卫视, 有效: 4, IPv4: 63, IPv6: 0, 最小延迟: 103 ms, 最高速率: 8.32 M/s, 平均速率: 5.56 M/s, 最高分辨率: 1920x1080, 平均帧率: 36.36, 视频编解码器: h264, 音频编解码器: aac
分类: 卫视频道, 名称: 安徽卫视, 有效: 2, IPv4: 68, IPv6: 0, 最小延迟: 103 ms, 最高速率: 8.96 M/s, 平均速率: 8.76 M/s, 最高分辨率: 1920x1080, 平均帧率: 47.86, 视频编解码器: h264, 音频编解码器: mp2
分类: 卫视频道, 名称: 山西卫视, 有效: 2, IPv4: 48, IPv6: 0, 最小延迟: 103 ms, 最高速率: 9.05 M/s, 平均速率: 9.01 M/s, 最高分辨率: 1920x1080, 平均帧率: 25.62, 视频编解码器: h264, 音频编解码器: mp2
分类: 卫视频道, 名称: 深圳卫视, 有效: 7, IPv4: 65, IPv6: 0, 最小延迟: 103 ms, 最高速率: 17.78 M/s, 平均速率: 4.48 M/s, 最高分辨率: 1920x1080, 平均帧率: 36.43, 视频编解码器: h264, 音频编解码器: aac
分类: 卫视频道, 名称: 东南卫视, 有效: 2, IPv4: 62, IPv6: 0, 最小延迟: 103 ms, 最高速率: 8.57 M/s, 平均速率: 6.60 M/s, 最高分辨率: 1920x1080, 平均帧率: 38.00, 视频编解码器: h264, 音频编解码器: aac
分类: 卫视频道, 名称: 广东卫视, 有效: 4, IPv4: 73, IPv6: 0, 最小延迟: 103 ms, 最高速率: 9.59 M/s, 平均速率: 7.31 M/s, 最高分辨率: 1920x1080, 平均帧率: 35.45, 视频编解码器: h264, 音频编解码器: aac
分类: 卫视频道, 名称: 广西卫视, 有效: 4, IPv4: 58, IPv6: 0, 最小延迟: 103 ms, 最高速率: 7.17 M/s, 平均速率: 5.52 M/s, 最高分辨率: 1920x1080, 平均帧率: 38.00, 视频编解码器: h264, 音频编解码器: aac
分类: 卫视频道, 名称: 河北卫视, 有效: 1, IPv4: 60, IPv6: 0, 最小延迟: 103 ms, 最高速率: 9.30 M/s, 平均速率: 9.30 M/s, 最高分辨率: 1920x1080, 平均帧率: 44.29, 视频编解码器: h264, 音频编解码器: aac
分类: 卫视频道, 名称: 河南卫视, 有效: 3, IPv4: 63, IPv6: 0, 最小延迟: 103 ms, 最高速率: 8.62 M/s, 平均速率: 8.19 M/s, 最高分辨率: 1920x1080, 平均帧率: 36.07, 视频编解码器: h264, 音频编解码器: aac
分类: 卫视频道, 名称: 黑龙江卫视, 有效: 2, IPv4: 61, IPv6: 0, 最小延迟: 103 ms, 最高速率: 8.87 M/s, 平均速率: 8.71 M/s, 最高分辨率: 1920x1080, 平均帧率: 35.38, 视频编解码器: h264, 音频编解码器: aac
分类: 卫视频道, 名称: 湖北卫视, 有效: 2, IPv4: 68, IPv6: 0, 最小延迟: 103 ms, 最高速率: 8.15 M/s, 平均速率: 7.56 M/s, 最高分辨率: 1920x1080, 平均帧率: 38.33, 视频编解码器: h264, 音频编解码器: aac
分类: 卫视频道, 名称: 四川卫视, 有效: 3, IPv4: 60, IPv6: 0, 最小延迟: 103 ms, 最高速率: 9.53 M/s, 平均速率: 4.34 M/s, 最高分辨率: 1920x1080, 平均帧率: 31.82, 视频编解码器: h264, 音频编解码器: mp2
分类: 卫视频道, 名称: 天津卫视, 有效: 4, IPv4: 66, IPv6: 0, 最小延迟: 103 ms, 最高速率: 5.11 M/s, 平均速率: 2.50 M/s, 最高分辨率: 1920x1080, 平均帧率: 44.23, 视频编解码器: h264, 音频编解码器: mp2
分类: 卫视频道, 名称: 甘肃卫视, 有效: 3, IPv4: 48, IPv6: 0, 最小延迟: 104 ms, 最高速率: 9.44 M/s, 平均速率: 8.76 M/s, 最高分辨率: 1920x1080, 平均帧率: 41.67, 视频编解码器: h264, 音频编解码器: mp2
分类: 卫视频道, 名称: 江西卫视, 有效: 3, IPv4: 70, IPv6: 0, 最小延迟: 103 ms, 最高速率: 7.26 M/s, 平均速率: 6.28 M/s, 最高分辨率: 1920x1080, 平均帧率: 35.00, 视频编解码器: h264, 音频编解码器: mp2
分类: 卫视频道, 名称: 内蒙古卫视, 有效: 3, IPv4: 38, IPv6: 0, 最小延迟: 72 ms, 最高速率: 23.75 M/s, 平均速率: 4.90 M/s, 最高分辨率: 1920x1080, 平均帧率: 29.17, 视频编解码器: h264, 音频编解码器: aac
分类: 卫视频道, 名称: 宁夏卫视, 有效: 2, IPv4: 39, IPv6: 0, 最小延迟: 103 ms, 最高速率: 9.06 M/s, 平均速率: 8.57 M/s, 最高分辨率: 1920x1080, 平均帧率: 32.50, 视频编解码器: h264, 音频编解码器: aac
分类: 卫视频道, 名称: 青海卫视, 有效: 2, IPv4: 50, IPv6: 0, 最小延迟: 104 ms, 最高速率: 8.89 M/s, 平均速率: 8.75 M/s, 最高分辨率: 1920x1080, 平均帧率: 31.00, 视频编解码器: h264, 音频编解码器: mp2
分类: 卫视频道, 名称: 西藏卫视, 有效: 3, IPv4: 45, IPv6: 0, 最小延迟: 90 ms, 最高速率: 9.53 M/s, 平均速率: 9.23 M/s, 最高分辨率: 1920x1080, 平均帧率: 38.64, 视频编解码器: h264, 音频编解码器: mp2
分类: 卫视频道, 名称: 新疆卫视, 有效: 2, IPv4: 46, IPv6: 0, 最小延迟: 102 ms, 最高速率: 8.49 M/s, 平均速率: 8.34 M/s, 最高分辨率: 1920x1080, 平均帧率: 37.14, 视频编解码器: h264, 音频编解码器: aac
分类: 卫视频道, 名称: 云南卫视, 有效: 4, IPv4: 58, IPv6: 0, 最小延迟: 102 ms, 最高速率: 8.83 M/s, 平均速率: 6.17 M/s, 最高分辨率: 1920x1080, 平均帧率: 42.86, 视频编解码器: h264, 音频编解码器: mp2
分类: 卫视频道, 名称: 贵州卫视, 有效: 2, IPv4: 62, IPv6: 0, 最小延迟: 104 ms, 最高速率: 9.36 M/s, 平均速率: 9.15 M/s, 最高分辨率: 1920x1080, 平均帧率: 42.50, 视频编解码器: h264, 音频编解码器: mp2
分类: 卫视频道, 名称: 海南卫视, 有效: 1, IPv4: 43, IPv6: 0, 最小延迟: 103 ms, 最高速率: 0.86 M/s, 平均速率: 0.86 M/s, 最高分辨率: 1920x1080, 平均帧率: 35.00, 视频编解码器: h264, 音频编解码器: mp2
分类: 卫视频道, 名称: 重庆卫视, 有效: 5, IPv4: 60, IPv6: 0, 最小延迟: 104 ms, 最高速率: 8.73 M/s, 平均速率: 4.12 M/s, 最高分辨率: 1920x1080, 平均帧率: 40.50, 视频编解码器: h264, 音频编解码器: mp2
分类: 卫视频道, 名称: 安多卫视, 有效: 0, IPv4: 31, IPv6: 0, 最小延迟: 103 ms, 最高速率: 0.04 M/s, 平均速率: 0.00 M/s, 最高分辨率: 576x320, 平均帧率: 25.00, 视频编解码器: h264, 音频编解码器: aac
分类: 卫视频道, 名称: 海峡卫视, 有效: 1, IPv4: 11, IPv6: 0, 最小延迟: 106 ms, 最高速率: 0.84 M/s, 平均速率: 0.84 M/s, 最高分辨率: 1920x1080, 平均帧率: 29.97, 视频编解码器: h264, 音频编解码器: aac
分类: 卫视频道, 名称: 康巴卫视, 有效: 0, IPv4: 22, IPv6: 0, 最小延迟: 104 ms, 最高速率: 0.04 M/s, 平均速率: 0.00 M/s, 最高分辨率: 576x320, 平均帧率: 25.00, 视频编解码器: h264, 音频编解码器: aac
分类: 卫视频道, 名称: 南方卫视, 有效: 0, IPv4: 5, IPv6: 0, 最小延迟: 104 ms, 最高速率: 0.21 M/s, 平均速率: 0.00 M/s, 最高分辨率: 1920x1080, 平均帧率: 37.50, 视频编解码器: h264, 音频编解码器: mp2
分类: 卫视频道, 名称: 农林卫视, 有效: 0, IPv4: 15, IPv6: 0, 最小延迟: 1574 ms, 最高速率: 0.09 M/s, 平均速率: 0.00 M/s, 最高分辨率: 1920x1080, 平均帧率: 50.00, 视频编解码器: h264, 音频编解码器: mp2
分类: 卫视频道, 名称: 三沙卫视, 有效: 0, IPv4: 30, IPv6: 0, 最小延迟: 69 ms, 最高速率: 7.45 M/s, 平均速率: 0.00 M/s, 最高分辨率: 1920x1080, 平均帧率: 25.71, 视频编解码器: h264, 音频编解码器: aac
分类: 卫视频道, 名称: 厦门卫视, 有效: 1, IPv4: 31, IPv6: 0, 最小延迟: 67 ms, 最高速率: 23.75 M/s, 平均速率: 1.28 M/s, 最高分辨率: 1920x1080, 平均帧率: 25.00, 视频编解码器: h264, 音频编解码器: aac
分类: 卫视频道, 名称: 延边卫视, 有效: 2, IPv4: 24, IPv6: 0, 最小延迟: 104 ms, 最高速率: 3.23 M/s, 平均速率: 3.16 M/s, 最高分辨率: 1920x1080, 平均帧率: 41.67, 视频编解码器: h264, 音频编解码器: mp2
分类: 卫视频道, 名称: 兵团卫视, 有效: 0, IPv4: 37, IPv6: 0, 最小延迟: 69 ms, 最高速率: 23.75 M/s, 平均速率: 0.00 M/s, 最高分辨率: 1280x720, 平均帧率: 36.11, 视频编解码器: h264, 音频编解码器: aac
分类: 卫视频道, 名称: 香港卫视, 有效: 0, IPv4: 10, IPv6: 0, 最小延迟: -1 ms, 最高速率: 0.00 M/s, 平均速率: 0.00 M/s, 最高分辨率: None, 平均帧率: 未知, 视频编解码器: 未知, 音频编解码器: 未知
分类: 山东频道, 名称: 山东齐鲁, 有效: 0, IPv4: 7, IPv6: 0, 最小延迟: 352 ms, 最高速率: 0.06 M/s, 平均速率: 0.00 M/s, 最高分辨率: None, 平均帧率: 未知, 视频编解码器: 未知, 音频编解码器: 未知
分类: 山东频道, 名称: 山东新闻, 有效: 0, IPv4: 5, IPv6: 0, 最小延迟: 293 ms, 最高速率: 0.00 M/s, 平均速率: 0.00 M/s, 最高分辨率: None, 平均帧率: 未知, 视频编解码器: 未知, 音频编解码器: 未知
分类: 山东频道, 名称: 山东综艺, 有效: 0, IPv4: 6, IPv6: 0, 最小延迟: 291 ms, 最高速率: 0.00 M/s, 平均速率: 0.00 M/s, 最高分辨率: None, 平均帧率: 未知, 视频编解码器: 未知, 音频编解码器: 未知
分类: 山东频道, 名称: 山东少儿, 有效: 0, IPv4: 7, IPv6: 0, 最小延迟: 267 ms, 最高速率: 0.00 M/s, 平均速率: 0.00 M/s, 最高分辨率: None, 平均帧率: 未知, 视频编解码器: 未知, 音频编解码器: 未知
分类: 山东频道, 名称: 山东教育, 有效: 0, IPv4: 15, IPv6: 0, 最小延迟: 104 ms, 最高速率: 0.25 M/s, 平均速率: 0.00 M/s, 最高分辨率: 1280x720, 平均帧率: 25.00, 视频编解码器: h264, 音频编解码器: aac
分类: 山东频道, 名称: 山东农科, 有效: 0, IPv4: 4, IPv6: 0, 最小延迟: 277 ms, 最高速率: 0.00 M/s, 平均速率: 0.00 M/s, 最高分辨率: None, 平均帧率: 未知, 视频编解码器: 未知, 音频编解码器: 未知
分类: 山东频道, 名称: 山东生活, 有效: 0, IPv4: 6, IPv6: 0, 最小延迟: 266 ms, 最高速率: 0.00 M/s, 平均速率: 0.00 M/s, 最高分辨率: None, 平均帧率: 未知, 视频编解码器: 未知, 音频编解码器: 未知
分类: 北京频道, 名称: 北京文艺, 有效: 0, IPv4: 3, IPv6: 0, 最小延迟: -1 ms, 最高速率: 0.00 M/s, 平均速率: 0.00 M/s, 最高分辨率: None, 平均帧率: 未知, 视频编解码器: 未知, 音频编解码器: 未知
分类: 北京频道, 名称: 北京影视, 有效: 0, IPv4: 3, IPv6: 0, 最小延迟: -1 ms, 最高速率: 0.00 M/s, 平均速率: 0.00 M/s, 最高分辨率: None, 平均帧率: 未知, 视频编解码器: 未知, 音频编解码器: 未知
分类: 山东频道, 名称: 山东体育, 有效: 0, IPv4: 8, IPv6: 0, 最小延迟: 10298 ms, 最高速率: 0.11 M/s, 平均速率: 0.00 M/s, 最高分辨率: None, 平均帧率: 未知, 视频编解码器: 未知, 音频编解码器: 未知
分类: 北京频道, 名称: 北京财经, 有效: 1, IPv4: 6, IPv6: 0, 最小延迟: 700 ms, 最高速率: 3.87 M/s, 平均速率: 3.87 M/s, 最高分辨率: 1920x1080, 平均帧率: 未知, 视频编解码器: 未知, 音频编解码器: 未知
分类: 山东频道, 名称: 山东文旅, 有效: 0, IPv4: 6, IPv6: 0, 最小延迟: 272 ms, 最高速率: 0.00 M/s, 平均速率: 0.00 M/s, 最高分辨率: None, 平均帧率: 未知, 视频编解码器: 未知, 音频编解码器: 未知
分类: 北京频道, 名称: 北京生活, 有效: 1, IPv4: 5, IPv6: 0, 最小延迟: 1255 ms, 最高速率: 2.06 M/s, 平均速率: 2.06 M/s, 最高分辨率: 1920x1080, 平均帧率: 未知, 视频编解码器: 未知, 音频编解码器: 未知
分类: 北京频道, 名称: 北京新闻, 有效: 1, IPv4: 5, IPv6: 0, 最小延迟: 1101 ms, 最高速率: 1.78 M/s, 平均速率: 1.78 M/s, 最高分辨率: 1920x1080, 平均帧率: 未知, 视频编解码器: 未知, 音频编解码器: 未知
分类: 动漫频道, 名称: 河北少儿, 有效: 0, IPv4: 1, IPv6: 0, 最小延迟: 1754 ms, 最高速率: 0.35 M/s, 平均速率: 0.00 M/s, 最高分辨率: 960x540, 平均帧率: 25.00, 视频编解码器: h264, 音频编解码器: aac
分类: 动漫频道, 名称: 甘肃少儿, 有效: 0, IPv4: 11, IPv6: 0, 最小延迟: -1 ms, 最高速率: 0.00 M/s, 平均速率: 0.00 M/s, 最高分辨率: None, 平均帧率: 未知, 视频编解码器: 未知, 音频编解码器: 未知
分类: 动漫频道, 名称: 宁夏少儿, 有效: 0, IPv4: 1, IPv6: 0, 最小延迟: -1 ms, 最高速率: 0.00 M/s, 平均速率: 0.00 M/s, 最高分辨率: None, 平均帧率: 未知, 视频编解码器: 未知, 音频编解码器: 未知
分类: 动漫频道, 名称: 黑龙江少儿, 有效: 0, IPv4: 2, IPv6: 0, 最小延迟: 104 ms, 最高速率: 0.05 M/s, 平均速率: 0.00 M/s, 最高分辨率: 720x576, 平均帧率: 25.00, 视频编解码器: mpeg2video, 音频编解码器: mp2
分类: 动漫频道, 名称: 广东少儿, 有效: 0, IPv4: 16, IPv6: 0, 最小延迟: 108 ms, 最高速率: 6.41 M/s, 平均速率: 0.00 M/s, 最高分辨率: 1920x1080, 平均帧率: 25.56, 视频编解码器: h264, 音频编解码器: aac
分类: 动漫频道, 名称: 浙江少儿, 有效: 0, IPv4: 7, IPv6: 0, 最小延迟: 134 ms, 最高速率: 0.00 M/s, 平均速率: 0.00 M/s, 最高分辨率: None, 平均帧率: 未知, 视频编解码器: 未知, 音频编解码器: 未知
分类: 动漫频道, 名称: 卡酷少儿, 有效: 2, IPv4: 35, IPv6: 0, 最小延迟: 105 ms, 最高速率: 6.23 M/s, 平均速率: 4.40 M/s, 最高分辨率: 1920x1080, 平均帧率: 28.50, 视频编解码器: h264, 音频编解码器: mp2
分类: 动漫频道, 名称: 金鹰卡通, 有效: 0, IPv4: 33, IPv6: 0, 最小延迟: 70 ms, 最高速率: 0.89 M/s, 平均速率: 0.00 M/s, 最高分辨率: 1920x1080, 平均帧率: 40.62, 视频编解码器: h264, 音频编解码器: mp2
分类: 动漫频道, 名称: 动漫秀场, 有效: 0, IPv4: 14, IPv6: 0, 最小延迟: 1901 ms, 最高速率: 0.13 M/s, 平均速率: 0.00 M/s, 最高分辨率: 1920x1080, 平均帧率: 50.00, 视频编解码器: h264, 音频编解码器: ac3
分类: 动漫频道, 名称: 哈哈炫动, 有效: 2, IPv4: 29, IPv6: 0, 最小延迟: 103 ms, 最高速率: 10.01 M/s, 平均速率: 9.72 M/s, 最高分辨率: 1920x1080, 平均帧率: 50.00, 视频编解码器: h264, 音频编解码器: mp2
分类: 动漫频道, 名称: 优漫卡通, 有效: 0, IPv4: 25, IPv6: 0, 最小延迟: 265 ms, 最高速率: 10.81 M/s, 平均速率: 0.00 M/s, 最高分辨率: 1280x720, 平均帧率: 30.00, 视频编解码器: h264, 音频编解码器: aac
分类: 港澳台频道, 名称: 凤凰中文, 有效: 1, IPv4: 34, IPv6: 0, 最小延迟: 292 ms, 最高速率: 3.75 M/s, 平均速率: 0.87 M/s, 最高分辨率: 1920x1080, 平均帧率: 27.50, 视频编解码器: h264, 音频编解码器: mp2
分类: 港澳台频道, 名称: 凤凰资讯, 有效: 0, IPv4: 35, IPv6: 0, 最小延迟: 291 ms, 最高速率: 3.67 M/s, 平均速率: 0.00 M/s, 最高分辨率: 1920x1080, 平均帧率: 27.50, 视频编解码器: h264, 音频编解码器: aac
分类: 港澳台频道, 名称: 凤凰卫视, 有效: 0, IPv4: 7, IPv6: 0, 最小延迟: -1 ms, 最高速率: 0.00 M/s, 平均速率: 0.00 M/s, 最高分辨率: None, 平均帧率: 未知, 视频编解码器: 未知, 音频编解码器: 未知
分类: 港澳台频道, 名称: 凤凰香港, 有效: 0, IPv4: 30, IPv6: 0, 最小延迟: 133 ms, 最高速率: 2.89 M/s, 平均速率: 0.00 M/s, 最高分辨率: 1280x720, 平均帧率: 25.00, 视频编解码器: h264, 音频编解码器: aac
分类: 港澳台频道, 名称: 翡翠台, 有效: 1, IPv4: 22, IPv6: 0, 最小延迟: 399 ms, 最高速率: 0.93 M/s, 平均速率: 0.93 M/s, 最高分辨率: 1920x1080, 平均帧率: 25.00, 视频编解码器: mpeg2video, 音频编解码器: mp2
分类: 影视频道, 名称: CHC动作电影, 有效: 4, IPv4: 23, IPv6: 0, 最小延迟: 105 ms, 最高速率: 9.27 M/s, 平均速率: 6.73 M/s, 最高分辨率: 1920x1080, 平均帧率: 26.67, 视频编解码器: h264, 音频编解码器: aac
分类: 影视频道, 名称: CHC家庭影院, 有效: 4, IPv4: 25, IPv6: 0, 最小延迟: 103 ms, 最高速率: 5.53 M/s, 平均速率: 3.99 M/s, 最高分辨率: 1920x1080, 平均帧率: 25.00, 视频编解码器: h264, 音频编解码器: aac
